Microchip MPLAB XC8 Compiler V1.41 ()

Linker command line:

-W-3 --edf=C:\Program Files (x86)\Microchip\xc8\v1.41\dat\en_msgs.txt -cs \
  -h+dist/default/production\PWM_I2C.X.production.sym \
  --cmf=dist/default/production\PWM_I2C.X.production.cmf -z -Q12F1840 \
  -oC:\Users\KJA\AppData\Local\Temp\s6jo.2 \
  -Mdist/default/production/PWM_I2C.X.production.map -E1 -ver=XC8 \
  -ASTACK=02016h-020efh -pstack=STACK -ACODE=00h-07FFhx2 \
  -ASTRCODE=00h-0FFFh -ASTRING=00h-0FFhx16 -ACONST=00h-0FFhx16 \
  -AENTRY=00h-0FFhx16 -ACOMMON=070h-07Fh -ABANK0=020h-06Fh \
  -ABANK1=0A0h-0EFh -ABANK2=0120h-016Fh -ABIGRAM=02000h-020EFh \
  -ARAM=020h-06Fh,0A0h-0EFh,0120h-016Fh \
  -AABS1=020h-07Fh,0A0h-0EFh,0120h-016Fh -ASFR0=00h-01Fh -ASFR1=080h-09Fh \
  -ASFR2=0100h-011Fh -ASFR3=0180h-01EFh -ASFR4=0200h-026Fh \
  -ASFR5=0280h-02EFh -ASFR6=0300h-036Fh -ASFR7=0380h-03EFh \
  -ASFR8=0400h-046Fh -ASFR9=0480h-04EFh -ASFR10=0500h-056Fh \
  -ASFR11=0580h-05EFh -ASFR12=0600h-066Fh -ASFR13=0680h-06EFh \
  -ASFR14=0700h-076Fh -ASFR15=0780h-07EFh -ASFR16=0800h-086Fh \
  -ASFR17=0880h-08EFh -ASFR18=0900h-096Fh -ASFR19=0980h-09EFh \
  -ASFR20=0A00h-0A6Fh -ASFR21=0A80h-0AEFh -ASFR22=0B00h-0B6Fh \
  -ASFR23=0B80h-0BEFh -ASFR24=0C00h-0C6Fh -ASFR25=0C80h-0CEFh \
  -ASFR26=0D00h-0D6Fh -ASFR27=0D80h-0DEFh -ASFR28=0E00h-0E6Fh \
  -ASFR29=0E80h-0EEFh -ASFR30=0F00h-0F6Fh -ASFR31=0F80h-0FEFh \
  -preset_vec=00h,intentry=04h,init,end_init -ppowerup=CODE -pcinit=CODE \
  -pfunctab=CODE -ACONFIG=08007h-08008h -pconfig=CONFIG -DCONFIG=2 \
  -AIDLOC=08000h-08003h -pidloc=IDLOC -DIDLOC=2 -AEEDATA=00h-0FFh/0F000h \
  -peeprom_data=EEDATA -DEEDATA=2 -DCODE=2 -DSTRCODE=2 -DSTRING=2 -DCONST=2 \
  -DENTRY=2 -k C:\Users\KJA\AppData\Local\Temp\s6jo.obj \
  dist/default/production\PWM_I2C.X.production.obj 

Object code version is 3.11

Machine type is 12F1840



                Name                               Link     Load   Length Selector   Space Scale
C:\Users\KJA\AppData\Local\Temp\s6jo.obj
                end_init                             18       18        2        8       0
                reset_vec                             0        0        2        0       0
                config                             8007     8007        2    1000E       0
dist/default/production\PWM_I2C.X.production.obj
                cinit                                1A       1A       16        8       0
                intentry                              4        4       14        8       0
                text16                               AB       AB       46        8       0
                text15                               F1       F1       26        8       0
                text13                              195      195        D        8       0
                text12                              117      117       23        8       0
                text11                              13A      13A       1C        8       0
                text10                              1A2      1A2        C        8       0
                text9                               179      179        F        8       0
                text8                               1C3      1C3        5        8       0
                text7                               168      168       11        8       0
                text6                               1CC      1CC        3        8       0
                text5                               1B9      1B9        A        8       0
                text4                               1C8      1C8        4        8       0
                text3                               156      156       12        8       0
                text2                               188      188        D        8       0
                text1                               1AE      1AE        B        8       0
                maintext                             30       30       7B        8       0
                cstackBANK0                          2C       2C        9       20       1
                cstackCOMMON                         70       70        5       70       1
                bssBANK0                             20       20        C       20       1
                dataCOMMON                           79       79        1       70       1
                bssCOMMON                            75       75        3       70       1
                nvBANK0                              35       35        1       20       1
                nvCOMMON                             78       78        1       70       1
                idataCOMMON                         1CF      1CF        1        8       0

TOTAL           Name                               Link     Load   Length     Space
        CLASS   STACK          

        CLASS   CODE           
                end_init                             18       18        2         0
                cinit                                1A       1A       16         0
                intentry                              4        4       14         0
                reset_vec                             0        0        2         0
                text16                               AB       AB       46         0
                text15                               F1       F1       26         0
                text13                              195      195        D         0
                text12                              117      117       23         0
                text11                              13A      13A       1C         0
                text10                              1A2      1A2        C         0
                text9                               179      179        F         0
                text8                               1C3      1C3        5         0
                text7                               168      168       11         0
                text6                               1CC      1CC        3         0
                text5                               1B9      1B9        A         0
                text4                               1C8      1C8        4         0
                text3                               156      156       12         0
                text2                               188      188        D         0
                text1                               1AE      1AE        B         0
                maintext                             30       30       7B         0
                idataCOMMON                         1CF      1CF        1         0

        CLASS   STRCODE        

        CLASS   STRING         

        CLASS   CONST          

        CLASS   ENTRY          

        CLASS   COMMON         
                cstackCOMMON                         70       70        5         1
                dataCOMMON                           79       79        1         1
                bssCOMMON                            75       75        3         1
                nvCOMMON                             78       78        1         1

        CLASS   BANK0          
                cstackBANK0                          2C       2C        9         1
                bssBANK0                             20       20        C         1
                nvBANK0                              35       35        1         1

        CLASS   BANK1          

        CLASS   BANK2          

        CLASS   BIGRAM         

        CLASS   RAM            

        CLASS   ABS1           
                abs_s1                               7E       7E        2         1

        CLASS   SFR0           

        CLASS   SFR1           

        CLASS   SFR2           

        CLASS   SFR3           

        CLASS   SFR4           

        CLASS   SFR5           

        CLASS   SFR6           

        CLASS   SFR7           

        CLASS   SFR8           

        CLASS   SFR9           

        CLASS   SFR10          

        CLASS   SFR11          

        CLASS   SFR12          

        CLASS   SFR13          

        CLASS   SFR14          

        CLASS   SFR15          

        CLASS   SFR16          

        CLASS   SFR17          

        CLASS   SFR18          

        CLASS   SFR19          

        CLASS   SFR20          

        CLASS   SFR21          

        CLASS   SFR22          

        CLASS   SFR23          

        CLASS   SFR24          

        CLASS   SFR25          

        CLASS   SFR26          

        CLASS   SFR27          

        CLASS   SFR28          

        CLASS   SFR29          

        CLASS   SFR30          

        CLASS   SFR31          

        CLASS   CONFIG         
                config                             8007     8007        2         0

        CLASS   IDLOC          

        CLASS   EEDATA         

        CLASS   BANK31         

        CLASS   BANK30         

        CLASS   BANK29         

        CLASS   BANK28         

        CLASS   BANK27         

        CLASS   BANK26         

        CLASS   BANK25         

        CLASS   BANK24         

        CLASS   BANK23         

        CLASS   BANK22         

        CLASS   BANK21         

        CLASS   BANK20         

        CLASS   BANK19         

        CLASS   BANK18         

        CLASS   BANK17         

        CLASS   BANK16         

        CLASS   BANK15         

        CLASS   BANK14         

        CLASS   BANK13         

        CLASS   BANK12         

        CLASS   BANK11         

        CLASS   BANK10         

        CLASS   BANK9          

        CLASS   BANK8          

        CLASS   BANK7          

        CLASS   BANK6          

        CLASS   BANK5          

        CLASS   BANK4          

        CLASS   BANK3          



SEGMENTS        Name                           Load    Length   Top    Selector   Space  Class     Delta

                reset_vec                      000000  000002  000002         0       0  CODE        2
                intentry                       000004  0001CC  0001D0         8       0  CODE        2
                bssBANK0                       000020  000016  000036        20       1  BANK0       1
                cstackCOMMON                   000070  00000A  00007A        70       1  COMMON      1
                config                         008007  000002  008009     1000E       0  CONFIG      2


UNUSED ADDRESS RANGES

        Name                Unused          Largest block    Delta
        BANK0            00036-0006F              3A           1
        BANK1            000A0-000EF              50           1
        BANK2            00120-0016F              50           1
        BIGRAM           02000-020EF              F0           1
        CODE             00002-00003               2           2
                         001D0-00FFF             630
        COMMON           0007A-0007D               4           1
        CONST            00002-00003               2           2
                         001D0-00FFF             100
        EEDATA           0F000-0F0FF             100           2
        ENTRY            00002-00003               2           2
                         001D0-00FFF             100
        IDLOC            08000-08003               4           2
        RAM              00036-0006F              3A           1
                         000A0-000EF              50
                         00120-0016F              50
        SFR0             00000-0001F              20           1
        SFR1             00080-0009F              20           1
        SFR10            00500-0056F              70           1
        SFR11            00580-005EF              70           1
        SFR12            00600-0066F              70           1
        SFR13            00680-006EF              70           1
        SFR14            00700-0076F              70           1
        SFR15            00780-007EF              70           1
        SFR16            00800-0086F              70           1
        SFR17            00880-008EF              70           1
        SFR18            00900-0096F              70           1
        SFR19            00980-009EF              70           1
        SFR2             00100-0011F              20           1
        SFR20            00A00-00A6F              70           1
        SFR21            00A80-00AEF              70           1
        SFR22            00B00-00B6F              70           1
        SFR23            00B80-00BEF              70           1
        SFR24            00C00-00C6F              70           1
        SFR25            00C80-00CEF              70           1
        SFR26            00D00-00D6F              70           1
        SFR27            00D80-00DEF              70           1
        SFR28            00E00-00E6F              70           1
        SFR29            00E80-00EEF              70           1
        SFR3             00180-001EF              70           1
        SFR30            00F00-00F6F              70           1
        SFR31            00F80-00FEF              70           1
        SFR4             00200-0026F              70           1
        SFR5             00280-002EF              70           1
        SFR6             00300-0036F              70           1
        SFR7             00380-003EF              70           1
        SFR8             00400-0046F              70           1
        SFR9             00480-004EF              70           1
        STACK            02016-020EF              DA           1
        STRCODE          00002-00003               2           2
                         001D0-00FFF             E30
        STRING           00002-00003               2           2
                         001D0-00FFF             100

                                  Symbol Table

DATAEE_ReadByte@bAdd                 cstackBANK0  0002C
DATAEE_WriteByte@GIEBitValue         cstackBANK0  0002E
DATAEE_WriteByte@bAdd                cstackBANK0  0002D
DATAEE_WriteByte@bData               cstackBANK0  0002C
EPWM_LoadDutyValue@dutyValue         cstackBANK0  0002C
I2C_ISR@i2c_data                     cstackCOMMON 00073
I2C_StatusCallback@eepromAddress     bssCOMMON    00076
I2C_StatusCallback@i2c_bus_state     cstackCOMMON 00071
I2C_StatusCallback@slaveWriteType    bssCOMMON    00075
_ANSELA                              (abs)        0018C
_APFCON                              (abs)        0011D
_CCP1CON                             (abs)        00293
_CCPR1H                              (abs)        00292
_CCPR1L                              (abs)        00291
_DATAEE_ReadByte                     text13       00195
_DATAEE_WriteByte                    text12       00117
_ECCP1AS                             (abs)        00295
_EEADRH                              (abs)        00192
_EEADRL                              (abs)        00191
_EECON1bits                          (abs)        00195
_EECON2                              (abs)        00196
_EEDATH                              (abs)        00194
_EEDATL                              (abs)        00193
_EEPROM_Buffer                       bssBANK0     00020
_EPWM_Initialize                     text10       001A2
_EPWM_LoadDutyValue                  text11       0013A
_I2C_ISR                             text15       000F1
_I2C_Initialize                      text9        00179
_I2C_PWM_VALUE                       bssCOMMON    00077
_I2C_StatusCallback                  text16       000AB
_I2C_slaveWriteData                  dataCOMMON   00079
_INTCONbits                          (abs)        0000B
_INTERRUPT_InterruptManager          intentry     00004
_LATA                                (abs)        0010C
_LATAbits                            (abs)        0010C
_OPTION_REGbits                      (abs)        00095
_OSCCON                              (abs)        00099
_OSCILLATOR_Initialize               text8        001C3
_OSCTUNE                             (abs)        00098
_PIE1bits                            (abs)        00091
_PIN_MANAGER_Initialize              text7        00168
_PIR1bits                            (abs)        00011
_PR2                                 (abs)        0001B
_PSTR1CON                            (abs)        00296
_PWM1CON                             (abs)        00294
_SSP1ADD                             (abs)        00212
_SSP1BUF                             (abs)        00211
_SSP1CON1                            (abs)        00215
_SSP1CON1bits                        (abs)        00215
_SSP1CON2                            (abs)        00216
_SSP1CON2bits                        (abs)        00216
_SSP1CON3                            (abs)        00217
_SSP1MSK                             (abs)        00213
_SSP1STAT                            (abs)        00214
_SSP1STATbits                        (abs)        00214
_SYSTEM_Initialize                   text3        00156
_T2CON                               (abs)        0001C
_T2CONbits                           (abs)        0001C
_TMR2                                (abs)        0001A
_TMR2_Initialize                     text5        001B9
_TMR2_StartTimer                     text6        001CC
_TRISA                               (abs)        0008C
_WDTCON                              (abs)        00097
_WDT_Initialize                      text4        001C8
_WPUA                                (abs)        0020C
__CFG_BOREN$ON                       (abs)        00000
__CFG_BORV$LO                        (abs)        00000
__CFG_CLKOUTEN$OFF                   (abs)        00000
__CFG_CP$OFF                         (abs)        00000
__CFG_CPD$OFF                        (abs)        00000
__CFG_FCMEN$ON                       (abs)        00000
__CFG_FOSC$INTOSC                    (abs)        00000
__CFG_IESO$ON                        (abs)        00000
__CFG_LVP$ON                         (abs)        00000
__CFG_MCLRE$ON                       (abs)        00000
__CFG_PLLEN$ON                       (abs)        00000
__CFG_PWRTE$OFF                      (abs)        00000
__CFG_STVREN$ON                      (abs)        00000
__CFG_WDTE$OFF                       (abs)        00000
__CFG_WRT$OFF                        (abs)        00000
__Habs1                              abs1         00000
__Hbank0                             bank0        00000
__Hbank1                             bank1        00000
__Hbank10                            bank10       00000
__Hbank11                            bank11       00000
__Hbank12                            bank12       00000
__Hbank13                            bank13       00000
__Hbank14                            bank14       00000
__Hbank15                            bank15       00000
__Hbank16                            bank16       00000
__Hbank17                            bank17       00000
__Hbank18                            bank18       00000
__Hbank19                            bank19       00000
__Hbank2                             bank2        00000
__Hbank20                            bank20       00000
__Hbank21                            bank21       00000
__Hbank22                            bank22       00000
__Hbank23                            bank23       00000
__Hbank24                            bank24       00000
__Hbank25                            bank25       00000
__Hbank26                            bank26       00000
__Hbank27                            bank27       00000
__Hbank28                            bank28       00000
__Hbank29                            bank29       00000
__Hbank3                             bank3        00000
__Hbank30                            bank30       00000
__Hbank31                            bank31       00000
__Hbank4                             bank4        00000
__Hbank5                             bank5        00000
__Hbank6                             bank6        00000
__Hbank7                             bank7        00000
__Hbank8                             bank8        00000
__Hbank9                             bank9        00000
__Hbigram                            bigram       00000
__HbssBANK0                          bssBANK0     00000
__HbssCOMMON                         bssCOMMON    00000
__Hcinit                             cinit        00030
__Hclrtext                           clrtext      00000
__Hcode                              code         00000
__Hcommon                            common       00000
__Hconfig                            config       08009
__HcstackBANK0                       cstackBANK0  00000
__HcstackCOMMON                      cstackCOMMON 00000
__HdataCOMMON                        dataCOMMON   00000
__Heeprom_data                       eeprom_data  00000
__Hend_init                          end_init     0001A
__Hfunctab                           functab      00000
__HidataCOMMON                       idataCOMMON  00000
__Hidloc                             idloc        00000
__Hinit                              init         00018
__Hintentry                          intentry     00018
__Hmaintext                          maintext     00000
__HnvBANK0                           nvBANK0      00000
__HnvCOMMON                          nvCOMMON     00000
__Hpowerup                           powerup      00000
__Hram                               ram          00000
__Hreset_vec                         reset_vec    00002
__Hsfr0                              sfr0         00000
__Hsfr1                              sfr1         00000
__Hsfr10                             sfr10        00000
__Hsfr11                             sfr11        00000
__Hsfr12                             sfr12        00000
__Hsfr13                             sfr13        00000
__Hsfr14                             sfr14        00000
__Hsfr15                             sfr15        00000
__Hsfr16                             sfr16        00000
__Hsfr17                             sfr17        00000
__Hsfr18                             sfr18        00000
__Hsfr19                             sfr19        00000
__Hsfr2                              sfr2         00000
__Hsfr20                             sfr20        00000
__Hsfr21                             sfr21        00000
__Hsfr22                             sfr22        00000
__Hsfr23                             sfr23        00000
__Hsfr24                             sfr24        00000
__Hsfr25                             sfr25        00000
__Hsfr26                             sfr26        00000
__Hsfr27                             sfr27        00000
__Hsfr28                             sfr28        00000
__Hsfr29                             sfr29        00000
__Hsfr3                              sfr3         00000
__Hsfr30                             sfr30        00000
__Hsfr31                             sfr31        00000
__Hsfr4                              sfr4         00000
__Hsfr5                              sfr5         00000
__Hsfr6                              sfr6         00000
__Hsfr7                              sfr7         00000
__Hsfr8                              sfr8         00000
__Hsfr9                              sfr9         00000
__Hspace_0                           (abs)        08009
__Hspace_1                           (abs)        0007A
__Hspace_2                           (abs)        00000
__Hspace_3                           (abs)        00000
__Hstack                             stack        00000
__Hstrings                           strings      00000
__Htext                              text         00000
__Labs1                              abs1         00000
__Lbank0                             bank0        00000
__Lbank1                             bank1        00000
__Lbank10                            bank10       00000
__Lbank11                            bank11       00000
__Lbank12                            bank12       00000
__Lbank13                            bank13       00000
__Lbank14                            bank14       00000
__Lbank15                            bank15       00000
__Lbank16                            bank16       00000
__Lbank17                            bank17       00000
__Lbank18                            bank18       00000
__Lbank19                            bank19       00000
__Lbank2                             bank2        00000
__Lbank20                            bank20       00000
__Lbank21                            bank21       00000
__Lbank22                            bank22       00000
__Lbank23                            bank23       00000
__Lbank24                            bank24       00000
__Lbank25                            bank25       00000
__Lbank26                            bank26       00000
__Lbank27                            bank27       00000
__Lbank28                            bank28       00000
__Lbank29                            bank29       00000
__Lbank3                             bank3        00000
__Lbank30                            bank30       00000
__Lbank31                            bank31       00000
__Lbank4                             bank4        00000
__Lbank5                             bank5        00000
__Lbank6                             bank6        00000
__Lbank7                             bank7        00000
__Lbank8                             bank8        00000
__Lbank9                             bank9        00000
__Lbigram                            bigram       00000
__LbssBANK0                          bssBANK0     00000
__LbssCOMMON                         bssCOMMON    00000
__Lcinit                             cinit        0001A
__Lclrtext                           clrtext      00000
__Lcode                              code         00000
__Lcommon                            common       00000
__Lconfig                            config       08007
__LcstackBANK0                       cstackBANK0  00000
__LcstackCOMMON                      cstackCOMMON 00000
__LdataCOMMON                        dataCOMMON   00000
__Leeprom_data                       eeprom_data  00000
__Lend_init                          end_init     00018
__Lfunctab                           functab      00000
__LidataCOMMON                       idataCOMMON  00000
__Lidloc                             idloc        00000
__Linit                              init         00018
__Lintentry                          intentry     00004
__Lmaintext                          maintext     00000
__LnvBANK0                           nvBANK0      00000
__LnvCOMMON                          nvCOMMON     00000
__Lpowerup                           powerup      00000
__Lram                               ram          00000
__Lreset_vec                         reset_vec    00000
__Lsfr0                              sfr0         00000
__Lsfr1                              sfr1         00000
__Lsfr10                             sfr10        00000
__Lsfr11                             sfr11        00000
__Lsfr12                             sfr12        00000
__Lsfr13                             sfr13        00000
__Lsfr14                             sfr14        00000
__Lsfr15                             sfr15        00000
__Lsfr16                             sfr16        00000
__Lsfr17                             sfr17        00000
__Lsfr18                             sfr18        00000
__Lsfr19                             sfr19        00000
__Lsfr2                              sfr2         00000
__Lsfr20                             sfr20        00000
__Lsfr21                             sfr21        00000
__Lsfr22                             sfr22        00000
__Lsfr23                             sfr23        00000
__Lsfr24                             sfr24        00000
__Lsfr25                             sfr25        00000
__Lsfr26                             sfr26        00000
__Lsfr27                             sfr27        00000
__Lsfr28                             sfr28        00000
__Lsfr29                             sfr29        00000
__Lsfr3                              sfr3         00000
__Lsfr30                             sfr30        00000
__Lsfr31                             sfr31        00000
__Lsfr4                              sfr4         00000
__Lsfr5                              sfr5         00000
__Lsfr6                              sfr6         00000
__Lsfr7                              sfr7         00000
__Lsfr8                              sfr8         00000
__Lsfr9                              sfr9         00000
__Lspace_0                           (abs)        00000
__Lspace_1                           (abs)        00000
__Lspace_2                           (abs)        00000
__Lspace_3                           (abs)        00000
__Lstack                             stack        00000
__Lstrings                           strings      00000
__Ltext                              text         00000
__S0                                 (abs)        08009
__S1                                 (abs)        0007A
__S2                                 (abs)        00000
__S3                                 (abs)        00000
___int_sp                            stack        00000
___latbits                           (abs)        00001
___sp                                stack        00000
__end_of_DATAEE_ReadByte             text13       001A2
__end_of_DATAEE_WriteByte            text12       0013A
__end_of_EPWM_Initialize             text10       001AE
__end_of_EPWM_LoadDutyValue          text11       00156
__end_of_I2C_ISR                     text15       00117
__end_of_I2C_Initialize              text9        00188
__end_of_I2C_StatusCallback          text16       000F1
__end_of_INTERRUPT_InterruptManager  intentry     00018
__end_of_OSCILLATOR_Initialize       text8        001C8
__end_of_PIN_MANAGER_Initialize      text7        00179
__end_of_SYSTEM_Initialize           text3        00168
__end_of_TMR2_Initialize             text5        001C3
__end_of_TMR2_StartTimer             text6        001CF
__end_of_WDT_Initialize              text4        001CC
__end_of__initialization             cinit        0002C
__end_of_main                        maintext     000AB
__end_of_returnEEPROMvalue           text2        00195
__end_of_writeEEPROMvalue            text1        001B9
__initialization                     cinit        0001A
__pbssBANK0                          bssBANK0     00020
__pbssCOMMON                         bssCOMMON    00075
__pcstackBANK0                       cstackBANK0  0002C
__pcstackCOMMON                      cstackCOMMON 00070
__pdataCOMMON                        dataCOMMON   00079
__pidataCOMMON                       idataCOMMON  001CF
__pintentry                          intentry     00004
__pmaintext                          maintext     00030
__pnvBANK0                           nvBANK0      00035
__pnvCOMMON                          nvCOMMON     00078
__ptext1                             text1        001AE
__ptext10                            text10       001A2
__ptext11                            text11       0013A
__ptext12                            text12       00117
__ptext13                            text13       00195
__ptext15                            text15       000F1
__ptext16                            text16       000AB
__ptext2                             text2        00188
__ptext3                             text3        00156
__ptext4                             text4        001C8
__ptext5                             text5        001B9
__ptext6                             text6        001CC
__ptext7                             text7        00168
__ptext8                             text8        001C3
__ptext9                             text9        00179
__size_of_DATAEE_ReadByte            (abs)        00000
__size_of_DATAEE_WriteByte           (abs)        00000
__size_of_EPWM_Initialize            (abs)        00000
__size_of_EPWM_LoadDutyValue         (abs)        00000
__size_of_I2C_ISR                    (abs)        00000
__size_of_I2C_Initialize             (abs)        00000
__size_of_I2C_StatusCallback         (abs)        00000
__size_of_INTERRUPT_InterruptManager (abs)        00000
__size_of_OSCILLATOR_Initialize      (abs)        00000
__size_of_PIN_MANAGER_Initialize     (abs)        00000
__size_of_SYSTEM_Initialize          (abs)        00000
__size_of_TMR2_Initialize            (abs)        00000
__size_of_TMR2_StartTimer            (abs)        00000
__size_of_WDT_Initialize             (abs)        00000
__size_of_main                       (abs)        00000
__size_of_returnEEPROMvalue          (abs)        00000
__size_of_writeEEPROMvalue           (abs)        00000
_dutyValue                           bssBANK0     00028
_dutyValueH                          nvCOMMON     00078
_dutyValueL                          nvBANK0      00035
_main                                maintext     00030
_returnEEPROMvalue                   text2        00188
_writeEEPROMvalue                    text1        001AE
btemp                                (abs)        0007E
end_of_initialization                cinit        0002C
int$flags                            (abs)        0007E
intlevel0                            functab      00000
intlevel1                            functab      00000
intlevel2                            functab      00000
intlevel3                            functab      00000
intlevel4                            functab      00000
intlevel5                            functab      00000
reset_vec                            reset_vec    00000
returnEEPROMvalue@adress             cstackBANK0  0002D
returnEEPROMvalue@value              cstackBANK0  0002E
stackhi                              (abs)        020EF
stacklo                              (abs)        02016
start                                init         00018
start_initialization                 cinit        0001A
writeEEPROMvalue@adress              cstackBANK0  0002F
writeEEPROMvalue@data                cstackBANK0  0002D
wtemp0                               (abs)        0007E


FUNCTION INFORMATION:

 *************** function _main *****************
 Defined at:
		line 35 in file "main.c"
 Parameters:    Size  Location     Type
		None
 Auto vars:     Size  Location     Type
		None
 Return value:  Size  Location     Type
                  1    wreg      void 
 Registers used:
		wreg, fsr1l, fsr1h, status,2, status,0, pclath, cstack
 Tracked objects:
		On entry : 
		On exit  : 
		Unchanged: 
 Data sizes:     COMMON   BANK0   BANK1   BANK2
      Params:         0       0       0       0
      Locals:         0       0       0       0
      Temps:          0       5       0       0
      Totals:         0       5       0       0
Total ram usage:        5 bytes
 Hardware stack levels required when called:    6
 This function calls:
		_DATAEE_ReadByte
		_DATAEE_WriteByte
		_EPWM_LoadDutyValue
		_SYSTEM_Initialize
		_returnEEPROMvalue
		_writeEEPROMvalue
 This function is called by:
		Startup code after reset
 This function uses a non-reentrant model


 *************** function _writeEEPROMvalue *****************
 Defined at:
		line 75 in file "mcc_generated_files/i2c.c"
 Parameters:    Size  Location     Type
  adress          1    wreg     unsigned char 
  data            1    1[BANK0 ] unsigned char 
 Auto vars:     Size  Location     Type
  adress          1    3[BANK0 ] unsigned char 
 Return value:  Size  Location     Type
                  1    wreg      void 
 Registers used:
		wreg, fsr1l, fsr1h, status,2, status,0
 Tracked objects:
		On entry : 
		On exit  : 
		Unchanged: 
 Data sizes:     COMMON   BANK0   BANK1   BANK2
      Params:         0       1       0       0
      Locals:         0       1       0       0
      Temps:          0       1       0       0
      Totals:         0       3       0       0
Total ram usage:        3 bytes
 Hardware stack levels used:    1
 Hardware stack levels required when called:    3
 This function calls:
		Nothing
 This function is called by:
		_main
 This function uses a non-reentrant model


 *************** function _returnEEPROMvalue *****************
 Defined at:
		line 69 in file "mcc_generated_files/i2c.c"
 Parameters:    Size  Location     Type
  adress          1    wreg     unsigned char 
 Auto vars:     Size  Location     Type
  adress          1    1[BANK0 ] unsigned char 
  value           1    2[BANK0 ] unsigned char 
 Return value:  Size  Location     Type
                  1    wreg      unsigned char 
 Registers used:
		wreg, fsr1l, fsr1h, status,2, status,0
 Tracked objects:
		On entry : 
		On exit  : 
		Unchanged: 
 Data sizes:     COMMON   BANK0   BANK1   BANK2
      Params:         0       0       0       0
      Locals:         0       2       0       0
      Temps:          0       1       0       0
      Totals:         0       3       0       0
Total ram usage:        3 bytes
 Hardware stack levels used:    1
 Hardware stack levels required when called:    3
 This function calls:
		Nothing
 This function is called by:
		_main
 This function uses a non-reentrant model


 *************** function _SYSTEM_Initialize *****************
 Defined at:
		line 69 in file "mcc_generated_files/mcc.c"
 Parameters:    Size  Location     Type
		None
 Auto vars:     Size  Location     Type
		None
 Return value:  Size  Location     Type
                  1    wreg      void 
 Registers used:
		wreg, status,2, status,0, pclath, cstack
 Tracked objects:
		On entry : 
		On exit  : 
		Unchanged: 
 Data sizes:     COMMON   BANK0   BANK1   BANK2
      Params:         0       0       0       0
      Locals:         0       0       0       0
      Temps:          0       0       0       0
      Totals:         0       0       0       0
Total ram usage:        0 bytes
 Hardware stack levels used:    1
 Hardware stack levels required when called:    5
 This function calls:
		_EPWM_Initialize
		_I2C_Initialize
		_OSCILLATOR_Initialize
		_PIN_MANAGER_Initialize
		_TMR2_Initialize
		_WDT_Initialize
 This function is called by:
		_main
 This function uses a non-reentrant model


 *************** function _WDT_Initialize *****************
 Defined at:
		line 88 in file "mcc_generated_files/mcc.c"
 Parameters:    Size  Location     Type
		None
 Auto vars:     Size  Location     Type
		None
 Return value:  Size  Location     Type
                  1    wreg      void 
 Registers used:
		wreg
 Tracked objects:
		On entry : 
		On exit  : 
		Unchanged: 
 Data sizes:     COMMON   BANK0   BANK1   BANK2
      Params:         0       0       0       0
      Locals:         0       0       0       0
      Temps:          0       0       0       0
      Totals:         0       0       0       0
Total ram usage:        0 bytes
 Hardware stack levels used:    1
 Hardware stack levels required when called:    3
 This function calls:
		Nothing
 This function is called by:
		_SYSTEM_Initialize
 This function uses a non-reentrant model


 *************** function _TMR2_Initialize *****************
 Defined at:
		line 63 in file "mcc_generated_files/tmr2.c"
 Parameters:    Size  Location     Type
		None
 Auto vars:     Size  Location     Type
		None
 Return value:  Size  Location     Type
                  1    wreg      void 
 Registers used:
		wreg, status,2, status,0, pclath, cstack
 Tracked objects:
		On entry : 
		On exit  : 
		Unchanged: 
 Data sizes:     COMMON   BANK0   BANK1   BANK2
      Params:         0       0       0       0
      Locals:         0       0       0       0
      Temps:          0       0       0       0
      Totals:         0       0       0       0
Total ram usage:        0 bytes
 Hardware stack levels used:    1
 Hardware stack levels required when called:    4
 This function calls:
		_TMR2_StartTimer
 This function is called by:
		_SYSTEM_Initialize
 This function uses a non-reentrant model


 *************** function _TMR2_StartTimer *****************
 Defined at:
		line 83 in file "mcc_generated_files/tmr2.c"
 Parameters:    Size  Location     Type
		None
 Auto vars:     Size  Location     Type
		None
 Return value:  Size  Location     Type
                  1    wreg      void 
 Registers used:
		None
 Tracked objects:
		On entry : 
		On exit  : 
		Unchanged: 
 Data sizes:     COMMON   BANK0   BANK1   BANK2
      Params:         0       0       0       0
      Locals:         0       0       0       0
      Temps:          0       0       0       0
      Totals:         0       0       0       0
Total ram usage:        0 bytes
 Hardware stack levels used:    1
 Hardware stack levels required when called:    3
 This function calls:
		Nothing
 This function is called by:
		_TMR2_Initialize
 This function uses a non-reentrant model


 *************** function _PIN_MANAGER_Initialize *****************
 Defined at:
		line 51 in file "mcc_generated_files/pin_manager.c"
 Parameters:    Size  Location     Type
		None
 Auto vars:     Size  Location     Type
		None
 Return value:  Size  Location     Type
                  1    wreg      void 
 Registers used:
		wreg, status,2
 Tracked objects:
		On entry : 
		On exit  : 
		Unchanged: 
 Data sizes:     COMMON   BANK0   BANK1   BANK2
      Params:         0       0       0       0
      Locals:         0       0       0       0
      Temps:          0       0       0       0
      Totals:         0       0       0       0
Total ram usage:        0 bytes
 Hardware stack levels used:    1
 Hardware stack levels required when called:    3
 This function calls:
		Nothing
 This function is called by:
		_SYSTEM_Initialize
 This function uses a non-reentrant model


 *************** function _OSCILLATOR_Initialize *****************
 Defined at:
		line 80 in file "mcc_generated_files/mcc.c"
 Parameters:    Size  Location     Type
		None
 Auto vars:     Size  Location     Type
		None
 Return value:  Size  Location     Type
                  1    wreg      void 
 Registers used:
		wreg, status,2
 Tracked objects:
		On entry : 
		On exit  : 
		Unchanged: 
 Data sizes:     COMMON   BANK0   BANK1   BANK2
      Params:         0       0       0       0
      Locals:         0       0       0       0
      Temps:          0       0       0       0
      Totals:         0       0       0       0
Total ram usage:        0 bytes
 Hardware stack levels used:    1
 Hardware stack levels required when called:    3
 This function calls:
		Nothing
 This function is called by:
		_SYSTEM_Initialize
 This function uses a non-reentrant model


 *************** function _I2C_Initialize *****************
 Defined at:
		line 97 in file "mcc_generated_files/i2c.c"
 Parameters:    Size  Location     Type
		None
 Auto vars:     Size  Location     Type
		None
 Return value:  Size  Location     Type
                  1    wreg      void 
 Registers used:
		wreg, status,2
 Tracked objects:
		On entry : 
		On exit  : 
		Unchanged: 
 Data sizes:     COMMON   BANK0   BANK1   BANK2
      Params:         0       0       0       0
      Locals:         0       0       0       0
      Temps:          0       0       0       0
      Totals:         0       0       0       0
Total ram usage:        0 bytes
 Hardware stack levels used:    1
 Hardware stack levels required when called:    3
 This function calls:
		Nothing
 This function is called by:
		_SYSTEM_Initialize
 This function uses a non-reentrant model


 *************** function _EPWM_Initialize *****************
 Defined at:
		line 63 in file "mcc_generated_files/epwm.c"
 Parameters:    Size  Location     Type
		None
 Auto vars:     Size  Location     Type
		None
 Return value:  Size  Location     Type
                  1    wreg      void 
 Registers used:
		wreg, status,2
 Tracked objects:
		On entry : 
		On exit  : 
		Unchanged: 
 Data sizes:     COMMON   BANK0   BANK1   BANK2
      Params:         0       0       0       0
      Locals:         0       0       0       0
      Temps:          0       0       0       0
      Totals:         0       0       0       0
Total ram usage:        0 bytes
 Hardware stack levels used:    1
 Hardware stack levels required when called:    3
 This function calls:
		Nothing
 This function is called by:
		_SYSTEM_Initialize
 This function uses a non-reentrant model


 *************** function _EPWM_LoadDutyValue *****************
 Defined at:
		line 87 in file "mcc_generated_files/epwm.c"
 Parameters:    Size  Location     Type
  dutyValue       2    0[BANK0 ] unsigned int 
 Auto vars:     Size  Location     Type
		None
 Return value:  Size  Location     Type
                  1    wreg      void 
 Registers used:
		wreg, status,2, status,0
 Tracked objects:
		On entry : 
		On exit  : 
		Unchanged: 
 Data sizes:     COMMON   BANK0   BANK1   BANK2
      Params:         0       2       0       0
      Locals:         0       0       0       0
      Temps:          0       2       0       0
      Totals:         0       4       0       0
Total ram usage:        4 bytes
 Hardware stack levels used:    1
 Hardware stack levels required when called:    3
 This function calls:
		Nothing
 This function is called by:
		_main
 This function uses a non-reentrant model


 *************** function _DATAEE_WriteByte *****************
 Defined at:
		line 180 in file "mcc_generated_files/memory.c"
 Parameters:    Size  Location     Type
  bAdd            1    wreg     unsigned char 
  bData           1    0[BANK0 ] unsigned char 
 Auto vars:     Size  Location     Type
  bAdd            1    1[BANK0 ] unsigned char 
  GIEBitValue     1    2[BANK0 ] unsigned char 
 Return value:  Size  Location     Type
                  1    wreg      void 
 Registers used:
		wreg, status,2, status,0
 Tracked objects:
		On entry : 
		On exit  : 
		Unchanged: 
 Data sizes:     COMMON   BANK0   BANK1   BANK2
      Params:         0       1       0       0
      Locals:         0       2       0       0
      Temps:          0       0       0       0
      Totals:         0       3       0       0
Total ram usage:        3 bytes
 Hardware stack levels used:    1
 Hardware stack levels required when called:    3
 This function calls:
		Nothing
 This function is called by:
		_main
 This function uses a non-reentrant model


 *************** function _DATAEE_ReadByte *****************
 Defined at:
		line 204 in file "mcc_generated_files/memory.c"
 Parameters:    Size  Location     Type
  bAdd            1    wreg     unsigned char 
 Auto vars:     Size  Location     Type
  bAdd            1    0[BANK0 ] unsigned char 
 Return value:  Size  Location     Type
                  1    wreg      unsigned char 
 Registers used:
		wreg
 Tracked objects:
		On entry : 
		On exit  : 
		Unchanged: 
 Data sizes:     COMMON   BANK0   BANK1   BANK2
      Params:         0       0       0       0
      Locals:         0       1       0       0
      Temps:          0       0       0       0
      Totals:         0       1       0       0
Total ram usage:        1 bytes
 Hardware stack levels used:    1
 Hardware stack levels required when called:    3
 This function calls:
		Nothing
 This function is called by:
		_main
 This function uses a non-reentrant model


 *************** function _INTERRUPT_InterruptManager *****************
 Defined at:
		line 51 in file "mcc_generated_files/interrupt_manager.c"
 Parameters:    Size  Location     Type
		None
 Auto vars:     Size  Location     Type
		None
 Return value:  Size  Location     Type
                  1    wreg      void 
 Registers used:
		wreg, fsr0l, fsr0h, fsr1l, fsr1h, status,2, status,0, pclath, cstack
 Tracked objects:
		On entry : 
		On exit  : 
		Unchanged: 
 Data sizes:     COMMON   BANK0   BANK1   BANK2
      Params:         0       0       0       0
      Locals:         0       0       0       0
      Temps:          1       0       0       0
      Totals:         1       0       0       0
Total ram usage:        1 bytes
 Hardware stack levels used:    1
 Hardware stack levels required when called:    2
 This function calls:
		_I2C_ISR
 This function is called by:
		Interrupt level 1
 This function uses a non-reentrant model


 *************** function _I2C_ISR *****************
 Defined at:
		line 120 in file "mcc_generated_files/i2c.c"
 Parameters:    Size  Location     Type
		None
 Auto vars:     Size  Location     Type
  i2c_data        1    3[COMMON] unsigned char 
 Return value:  Size  Location     Type
                  1    wreg      void 
 Registers used:
		wreg, fsr0l, fsr0h, fsr1l, fsr1h, status,2, status,0, pclath, cstack
 Tracked objects:
		On entry : 
		On exit  : 
		Unchanged: 
 Data sizes:     COMMON   BANK0   BANK1   BANK2
      Params:         0       0       0       0
      Locals:         1       0       0       0
      Temps:          1       0       0       0
      Totals:         2       0       0       0
Total ram usage:        2 bytes
 Hardware stack levels used:    1
 Hardware stack levels required when called:    1
 This function calls:
		_I2C_StatusCallback
 This function is called by:
		_INTERRUPT_InterruptManager
 This function uses a non-reentrant model


 *************** function _I2C_StatusCallback *****************
 Defined at:
		line 186 in file "mcc_generated_files/i2c.c"
 Parameters:    Size  Location     Type
  i2c_bus_stat    1    wreg     enum E2101
 Auto vars:     Size  Location     Type
  i2c_bus_stat    1    1[COMMON] enum E2101
 Return value:  Size  Location     Type
                  1    wreg      void 
 Registers used:
		wreg, fsr0l, fsr0h, fsr1l, fsr1h, status,2, status,0
 Tracked objects:
		On entry : 
		On exit  : 
		Unchanged: 
 Data sizes:     COMMON   BANK0   BANK1   BANK2
      Params:         0       0       0       0
      Locals:         1       0       0       0
      Temps:          1       0       0       0
      Totals:         2       0       0       0
Total ram usage:        2 bytes
 Hardware stack levels used:    1
 This function calls:
		Nothing
 This function is called by:
		_I2C_ISR
 This function uses a non-reentrant model



MODULE INFORMATION

Module		Function		Class		Link	Load	Size
mcc_generated_files/tmr2.c
		_TMR2_Initialize		CODE           	01B9	0000	11
		_TMR2_StartTimer		CODE           	01CC	0000	4

mcc_generated_files/tmr2.c estimated size: 15

mcc_generated_files/interrupt_manager.c
		_INTERRUPT_InterruptManager		CODE           	0004	0000	21

mcc_generated_files/interrupt_manager.c estimated size: 21

mcc_generated_files/epwm.c
		_EPWM_LoadDutyValue		CODE           	013A	0000	29
		_EPWM_Initialize		CODE           	01A2	0000	13

mcc_generated_files/epwm.c estimated size: 42

mcc_generated_files/i2c.c
		_I2C_StatusCallback		CODE           	00AB	0000	71
		_I2C_ISR       		CODE           	00F1	0000	39
		_returnEEPROMvalue		CODE           	0188	0000	14
		_I2C_Initialize		CODE           	0179	0000	16
		_writeEEPROMvalue		CODE           	01AE	0000	12

mcc_generated_files/i2c.c estimated size: 152

mcc_generated_files/pin_manager.c
		_PIN_MANAGER_Initialize		CODE           	0168	0000	18

mcc_generated_files/pin_manager.c estimated size: 18

shared
		__initialization		CODE           	001A	0000	19

shared estimated size: 19

mcc_generated_files/mcc.c
		_WDT_Initialize		CODE           	01C8	0000	5
		_OSCILLATOR_Initialize		CODE           	01C3	0000	6
		_SYSTEM_Initialize		CODE           	0156	0000	19

mcc_generated_files/mcc.c estimated size: 30

mcc_generated_files/memory.c
		_DATAEE_WriteByte		CODE           	0117	0000	36
		_DATAEE_ReadByte		CODE           	0195	0000	14

mcc_generated_files/memory.c estimated size: 50

main.c
		_main          		CODE           	0030	0000	124

main.c estimated size: 124

